// Jest Snapshot v1, https://goo.gl/fbAQLP

exports[`APP returns the name of the game 1`] = `
"╔══════════════════════════════════════════════════════════════════════════════╗
║                                                                              ║
║                                                                              ║
║                                                                              ║
║                                                                              ║
║                                                                              ║
║                                                                              ║
║                                                                              ║
║                                                                              ║
║                                                                              ║
║                                                                              ║
║                                                                              ║
║                                                                              ║
║                                                                              ║
║                                                                              ║
║                                                                              ║
║                                                                              ║
║                                                                              ║
║                                     FOO!                                     ║
║                                                                              ║
║                                                                              ║
║                                                                              ║
║                                                                              ║
║                                                                              ║
║                                                                              ║
║                                                                              ║
║                                                                              ║
║                                                                              ║
║                                                                              ║
║                                                                              ║
║                                                                              ║
║                                                                              ║
║                                                                              ║
║                                                                              ║
║                                                                              ║
║                                                                              ║
║                                                                              ║
║                                                                              ║
║                                                                              ║
║                                                                              ║
║                         [Press any key to start...]                          ║
║                                                                              ║
║                                                                              ║
║                                                                              ║
╚══════════════════════════════════════════════════════════════════════════════╝"
`;
